// Jest Snapshot v1, https://goo.gl/fbAQLP

exports[`Prueba en <ItemListContainer /> debe mostrar el componente correctamente 1`] = `
<div
  className="container"
>
  <Finder
    products={Array []}
  />
  <div
    className="item__container"
  >
    <div
      className="cssload-spin-box"
    />
    <button
      className="button"
      disabled={false}
      onClick={[Function]}
    >
      Agregar
    </button>
    <Itemlist
      products={Array []}
    />
  </div>
</div>
`;
